nohup: ignoring input
[NbConvertApp] Converting notebook 06_Modelo_autoreg.ipynb to notebook
Traceback (most recent call last):
  File "/home/ubuntu/TFM/tfm_env/bin/jupyter-nbconvert", line 8, in <module>
    sys.exit(main())
             ^^^^^^
  File "/home/ubuntu/TFM/tfm_env/lib/python3.12/site-packages/jupyter_core/application.py", line 284, in launch_instance
    super().launch_instance(argv=argv, **kwargs)
  File "/home/ubuntu/TFM/tfm_env/lib/python3.12/site-packages/traitlets/config/application.py", line 1075, in launch_instance
    app.start()
  File "/home/ubuntu/TFM/tfm_env/lib/python3.12/site-packages/nbconvert/nbconvertapp.py", line 420, in start
    self.convert_notebooks()
  File "/home/ubuntu/TFM/tfm_env/lib/python3.12/site-packages/nbconvert/nbconvertapp.py", line 597, in convert_notebooks
    self.convert_single_notebook(notebook_filename)
  File "/home/ubuntu/TFM/tfm_env/lib/python3.12/site-packages/nbconvert/nbconvertapp.py", line 563, in convert_single_notebook
    output, resources = self.export_single_notebook(
                        ^^^^^^^^^^^^^^^^^^^^^^^^^^^^
  File "/home/ubuntu/TFM/tfm_env/lib/python3.12/site-packages/nbconvert/nbconvertapp.py", line 487, in export_single_notebook
    output, resources = self.exporter.from_filename(
                        ^^^^^^^^^^^^^^^^^^^^^^^^^^^^
  File "/home/ubuntu/TFM/tfm_env/lib/python3.12/site-packages/nbconvert/exporters/exporter.py", line 201, in from_filename
    return self.from_file(f, resources=resources, **kw)
           ^^^^^^^^^^^^^^^^^^^^^^^^^^^^^^^^^^^^^^^^^^^^
  File "/home/ubuntu/TFM/tfm_env/lib/python3.12/site-packages/nbconvert/exporters/exporter.py", line 220, in from_file
    return self.from_notebook_node(
           ^^^^^^^^^^^^^^^^^^^^^^^^
  File "/home/ubuntu/TFM/tfm_env/lib/python3.12/site-packages/nbconvert/exporters/notebook.py", line 36, in from_notebook_node
    nb_copy, resources = super().from_notebook_node(nb, resources, **kw)
                         ^^^^^^^^^^^^^^^^^^^^^^^^^^^^^^^^^^^^^^^^^^^^^^^
  File "/home/ubuntu/TFM/tfm_env/lib/python3.12/site-packages/nbconvert/exporters/exporter.py", line 154, in from_notebook_node
    nb_copy, resources = self._preprocess(nb_copy, resources)
                         ^^^^^^^^^^^^^^^^^^^^^^^^^^^^^^^^^^^^
  File "/home/ubuntu/TFM/tfm_env/lib/python3.12/site-packages/nbconvert/exporters/exporter.py", line 353, in _preprocess
    nbc, resc = preprocessor(nbc, resc)
                ^^^^^^^^^^^^^^^^^^^^^^^
  File "/home/ubuntu/TFM/tfm_env/lib/python3.12/site-packages/nbconvert/preprocessors/base.py", line 48, in __call__
    return self.preprocess(nb, resources)
           ^^^^^^^^^^^^^^^^^^^^^^^^^^^^^^
  File "/home/ubuntu/TFM/tfm_env/lib/python3.12/site-packages/nbconvert/preprocessors/execute.py", line 103, in preprocess
    self.preprocess_cell(cell, resources, index)
  File "/home/ubuntu/TFM/tfm_env/lib/python3.12/site-packages/nbconvert/preprocessors/execute.py", line 124, in preprocess_cell
    cell = self.execute_cell(cell, index, store_history=True)
           ^^^^^^^^^^^^^^^^^^^^^^^^^^^^^^^^^^^^^^^^^^^^^^^^^^
  File "/home/ubuntu/TFM/tfm_env/lib/python3.12/site-packages/jupyter_core/utils/__init__.py", line 165, in wrapped
    return loop.run_until_complete(inner)
           ^^^^^^^^^^^^^^^^^^^^^^^^^^^^^^
  File "/usr/lib/python3.12/asyncio/base_events.py", line 687, in run_until_complete
    return future.result()
           ^^^^^^^^^^^^^^^
  File "/home/ubuntu/TFM/tfm_env/lib/python3.12/site-packages/nbclient/client.py", line 1062, in async_execute_cell
    await self._check_raise_for_error(cell, cell_index, exec_reply)
  File "/home/ubuntu/TFM/tfm_env/lib/python3.12/site-packages/nbclient/client.py", line 918, in _check_raise_for_error
    raise CellExecutionError.from_cell_and_msg(cell, exec_reply_content)
nbclient.exceptions.CellExecutionError: An error occurred while executing the following cell:
------------------
import numpy as np
import pandas as pd
import matplotlib.pyplot as plt
import matplotlib.dates as mdates
from pathlib import Path
from dataclasses import dataclass
from sklearn.metrics import mean_absolute_error, mean_squared_error
from statsmodels.tsa.ar_model import AutoReg
import warnings
warnings.filterwarnings("ignore")

plt.style.use("seaborn-v0_8")
%matplotlib inline

BASE_DIR    = Path("/srv/TFM")
DATA_DIR    = BASE_DIR / "notebooks/data_processed"
RESULTS_DIR = BASE_DIR / "results"
FIG_DIR     = BASE_DIR / "figures"
RESULTS_DIR.mkdir(exist_ok=True)
FIG_DIR.mkdir(exist_ok=True)

print("Librerías cargadas OK")
------------------


[31m---------------------------------------------------------------------------[39m
[31mFileNotFoundError[39m                         Traceback (most recent call last)
[36mCell[39m[36m [39m[32mIn[1][39m[32m, line 19[39m
[32m     17[39m RESULTS_DIR = BASE_DIR / [33m"[39m[33mresults[39m[33m"[39m
[32m     18[39m FIG_DIR     = BASE_DIR / [33m"[39m[33mfigures[39m[33m"[39m
[32m---> [39m[32m19[39m [43mRESULTS_DIR[49m[43m.[49m[43mmkdir[49m[43m([49m[43mexist_ok[49m[43m=[49m[38;5;28;43;01mTrue[39;49;00m[43m)[49m
[32m     20[39m FIG_DIR.mkdir(exist_ok=[38;5;28;01mTrue[39;00m)
[32m     22[39m [38;5;28mprint[39m([33m"[39m[33mLibrerías cargadas OK[39m[33m"[39m)

[36mFile [39m[32m/usr/lib/python3.12/pathlib.py:1313[39m, in [36mPath.mkdir[39m[34m(self, mode, parents, exist_ok)[39m
[32m   1309[39m [38;5;250m[39m[33;03m"""[39;00m
[32m   1310[39m [33;03mCreate a new directory at this given path.[39;00m
[32m   1311[39m [33;03m"""[39;00m
[32m   1312[39m [38;5;28;01mtry[39;00m:
[32m-> [39m[32m1313[39m     [43mos[49m[43m.[49m[43mmkdir[49m[43m([49m[38;5;28;43mself[39;49m[43m,[49m[43m [49m[43mmode[49m[43m)[49m
[32m   1314[39m [38;5;28;01mexcept[39;00m [38;5;167;01mFileNotFoundError[39;00m:
[32m   1315[39m     [38;5;28;01mif[39;00m [38;5;129;01mnot[39;00m parents [38;5;129;01mor[39;00m [38;5;28mself[39m.parent == [38;5;28mself[39m:

[31mFileNotFoundError[39m: [Errno 2] No such file or directory: '/srv/TFM/results'

